

================================================================
== Vivado HLS Report for 'softmax_128_s'
================================================================
* Date:           Thu Nov 30 22:59:46 2023

* Version:        2019.2.1 (Build 2724168 on Thu Dec 05 05:19:09 MST 2019)
* Project:        softmax_proj.prj
* Solution:       solution1
* Product family: zynq
* Target device:  xc7z020-clg484-1


================================================================
== Performance Estimates
================================================================
+ Timing: 
    * Summary: 
    +--------+----------+----------+------------+
    |  Clock |  Target  | Estimated| Uncertainty|
    +--------+----------+----------+------------+
    |ap_clk  | 10.00 ns | 8.232 ns |   1.25 ns  |
    +--------+----------+----------+------------+

+ Latency: 
    * Summary: 
    +---------+----------+----------+-----------+--------+----------+---------+
    |  Latency (cycles)  |  Latency (absolute)  |      Interval     | Pipeline|
    |   min   |    max   |    min   |    max    |   min  |    max   |   Type  |
    +---------+----------+----------+-----------+--------+----------+---------+
    |   515842|  38531842| 5.158 ms | 0.385 sec |  515842|  38531842|   none  |
    +---------+----------+----------+-----------+--------+----------+---------+

    + Detail: 
        * Instance: 
        N/A

        * Loop: 
        +-----------------+---------+----------+---------------+-----------+-----------+---------+----------+
        |                 |  Latency (cycles)  |   Iteration   |  Initiation Interval  |   Trip  |          |
        |    Loop Name    |   min   |    max   |    Latency    |  achieved |   target  |  Count  | Pipelined|
        +-----------------+---------+----------+---------------+-----------+-----------+---------+----------+
        |- Loop 1         |   513408|  38529408| 4011 ~ 301011 |          -|          -|      128|    no    |
        | + Loop 1.1      |     4000|    301000|   40 ~ 3010   |          -|          -|      100|    no    |
        |  ++ Loop 1.1.1  |       30|      3000|             30|          -|          -| 1 ~ 100 |    no    |
        |- Loop 2         |     2432|      2432|             19|          -|          -|      128|    no    |
        +-----------------+---------+----------+---------------+-----------+-----------+---------+----------+



================================================================
== Utilization Estimates
================================================================
* Summary: 
+-----------------+---------+-------+--------+-------+-----+
|       Name      | BRAM_18K| DSP48E|   FF   |  LUT  | URAM|
+-----------------+---------+-------+--------+-------+-----+
|DSP              |        -|      -|       -|      -|    -|
|Expression       |        -|      -|       0|    139|    -|
|FIFO             |        -|      -|       -|      -|    -|
|Instance         |        -|     19|    2439|   4401|    -|
|Memory           |        1|      -|       0|      0|    0|
|Multiplexer      |        -|      -|       -|    436|    -|
|Register         |        -|      -|     617|      -|    -|
+-----------------+---------+-------+--------+-------+-----+
|Total            |        1|     19|    3056|   4976|    0|
+-----------------+---------+-------+--------+-------+-----+
|Available        |      280|    220|  106400|  53200|    0|
+-----------------+---------+-------+--------+-------+-----+
|Utilization (%)  |    ~0   |      8|       2|      9|    0|
+-----------------+---------+-------+--------+-------+-----+

+ Detail: 
    * Instance: 
    +-------------------------+----------------------+---------+-------+-----+------+-----+
    |         Instance        |        Module        | BRAM_18K| DSP48E|  FF |  LUT | URAM|
    +-------------------------+----------------------+---------+-------+-----+------+-----+
    |dut_dadd_64ns_64nibs_U7  |dut_dadd_64ns_64nibs  |        0|      3|  445|  1149|    0|
    |dut_dmul_64ns_64njbC_U8  |dut_dmul_64ns_64njbC  |        0|     11|  317|   578|    0|
    |dut_fadd_32ns_32ncud_U1  |dut_fadd_32ns_32ncud  |        0|      2|  205|   390|    0|
    |dut_fdiv_32ns_32neOg_U3  |dut_fdiv_32ns_32neOg  |        0|      0|  761|   994|    0|
    |dut_fmul_32ns_32ndEe_U2  |dut_fmul_32ns_32ndEe  |        0|      3|  143|   321|    0|
    |dut_fpext_32ns_64hbi_U6  |dut_fpext_32ns_64hbi  |        0|      0|  100|   138|    0|
    |dut_fptrunc_64ns_g8j_U5  |dut_fptrunc_64ns_g8j  |        0|      0|  128|   277|    0|
    |dut_sitofp_32ns_3fYi_U4  |dut_sitofp_32ns_3fYi  |        0|      0|  340|   554|    0|
    +-------------------------+----------------------+---------+-------+-----+------+-----+
    |Total                    |                      |        0|     19| 2439|  4401|    0|
    +-------------------------+----------------------+---------+-------+-----+------+-----+

    * DSP48E: 
    N/A

    * Memory: 
    +--------------+----------------------+---------+---+----+-----+------+-----+------+-------------+
    |    Memory    |        Module        | BRAM_18K| FF| LUT| URAM| Words| Bits| Banks| W*Bits*Banks|
    +--------------+----------------------+---------+---+----+-----+------+-----+------+-------------+
    |euler_sums_U  |softmax_128_s_eulbkb  |        1|  0|   0|    0|   128|   32|     1|         4096|
    +--------------+----------------------+---------+---+----+-----+------+-----+------+-------------+
    |Total         |                      |        1|  0|   0|    0|   128|   32|     1|         4096|
    +--------------+----------------------+---------+---+----+-----+------+-----+------+-------------+

    * FIFO: 
    N/A

    * Expression: 
    +---------------------+----------+-------+---+----+------------+------------+
    |    Variable Name    | Operation| DSP48E| FF| LUT| Bitwidth P0| Bitwidth P1|
    +---------------------+----------+-------+---+----+------------+------------+
    |add_ln19_fu_254_p2   |     +    |      0|  0|  15|           7|           1|
    |i_fu_221_p2          |     +    |      0|  0|  15|           8|           1|
    |j_fu_266_p2          |     +    |      0|  0|  15|           8|           1|
    |k_fu_248_p2          |     +    |      0|  0|  39|          32|           1|
    |icmp_ln16_fu_215_p2  |   icmp   |      0|  0|  13|           8|           9|
    |icmp_ln19_fu_237_p2  |   icmp   |      0|  0|  11|           7|           6|
    |icmp_ln21_fu_243_p2  |   icmp   |      0|  0|  18|          32|          32|
    |icmp_ln32_fu_260_p2  |   icmp   |      0|  0|  13|           8|           9|
    +---------------------+----------+-------+---+----+------------+------------+
    |Total                |          |      0|  0| 139|         110|          60|
    +---------------------+----------+-------+---+----+------------+------------+

    * Multiplexer: 
    +--------------------------+-----+-----------+-----+-----------+
    |           Name           | LUT | Input Size| Bits| Total Bits|
    +--------------------------+-----+-----------+-----+-----------+
    |ap_NS_fsm                 |  313|         70|    1|         70|
    |empty_4_reg_107           |    9|          2|   32|         64|
    |euler_layer_sum_0_reg_95  |    9|          2|   32|         64|
    |euler_sums_address0       |   15|          3|    7|         21|
    |grp_fu_177_p0             |   15|          3|   32|         96|
    |grp_fu_177_p1             |   15|          3|   32|         96|
    |grp_fu_189_p0             |   15|          3|   32|         96|
    |i_0_reg_84                |    9|          2|    8|         16|
    |indvars_iv_reg_119        |    9|          2|    7|         14|
    |j1_0_reg_155              |    9|          2|    8|         16|
    |k_0_reg_143               |    9|          2|   32|         64|
    |term_0_reg_131            |    9|          2|   64|        128|
    +--------------------------+-----+-----------+-----+-----------+
    |Total                     |  436|         96|  287|        745|
    +--------------------------+-----+-----------+-----+-----------+

    * Register: 
    +---------------------------+----+----+-----+-----------+
    |            Name           | FF | LUT| Bits| Const Bits|
    +---------------------------+----+----+-----+-----------+
    |add_ln19_reg_316           |   7|   0|    7|          0|
    |ap_CS_fsm                  |  69|   0|   69|          0|
    |empty_4_reg_107            |  32|   0|   32|          0|
    |euler_layer_sum_0_reg_95   |  32|   0|   32|          0|
    |euler_sums_addr_reg_285    |   7|   0|    7|          0|
    |euler_sums_load_reg_370    |  32|   0|   32|          0|
    |i_0_reg_84                 |   8|   0|    8|          0|
    |i_reg_280                  |   8|   0|    8|          0|
    |indvars_iv_reg_119         |   7|   0|    7|          0|
    |j1_0_reg_155               |   8|   0|    8|          0|
    |j_reg_355                  |   8|   0|    8|          0|
    |k_0_reg_143                |  32|   0|   32|          0|
    |k_reg_311                  |  32|   0|   32|          0|
    |output_layer_load_reg_295  |  32|   0|   32|          0|
    |reg_203                    |  32|   0|   32|          0|
    |reg_209                    |  64|   0|   64|          0|
    |term_0_reg_131             |  64|   0|   64|          0|
    |tmp_1_reg_341              |  32|   0|   32|          0|
    |tmp_4_reg_331              |  64|   0|   64|          0|
    |tmp_6_reg_321              |  32|   0|   32|          0|
    |zext_ln19_reg_300          |   7|   0|   32|         25|
    |zext_ln33_reg_360          |   8|   0|   64|         56|
    +---------------------------+----+----+-----+-----------+
    |Total                      | 617|   0|  698|         81|
    +---------------------------+----+----+-----+-----------+



================================================================
== Interface
================================================================
* Summary: 
+-------------------------------+-----+-----+------------+----------------------+--------------+
|           RTL Ports           | Dir | Bits|  Protocol  |     Source Object    |    C Type    |
+-------------------------------+-----+-----+------------+----------------------+--------------+
|ap_clk                         |  in |    1| ap_ctrl_hs |     softmax<128>     | return value |
|ap_rst                         |  in |    1| ap_ctrl_hs |     softmax<128>     | return value |
|ap_start                       |  in |    1| ap_ctrl_hs |     softmax<128>     | return value |
|ap_done                        | out |    1| ap_ctrl_hs |     softmax<128>     | return value |
|ap_idle                        | out |    1| ap_ctrl_hs |     softmax<128>     | return value |
|ap_ready                       | out |    1| ap_ctrl_hs |     softmax<128>     | return value |
|output_layer_address0          | out |    7|  ap_memory |     output_layer     |     array    |
|output_layer_ce0               | out |    1|  ap_memory |     output_layer     |     array    |
|output_layer_q0                |  in |   32|  ap_memory |     output_layer     |     array    |
|probability_distribu_address0  | out |    7|  ap_memory | probability_distribu |     array    |
|probability_distribu_ce0       | out |    1|  ap_memory | probability_distribu |     array    |
|probability_distribu_we0       | out |    1|  ap_memory | probability_distribu |     array    |
|probability_distribu_d0        | out |   32|  ap_memory | probability_distribu |     array    |
+-------------------------------+-----+-----+------------+----------------------+--------------+

